Note: This linter can be disabled with `set_option linter.style.header false`
⚠ [2143/2155] Replayed LeanLCAExactChallenge.Derived.IsoClosureHomologyDetectionTerminalProductRoute
warning: LeanLCAExactChallenge/Derived/IsoClosureHomologyDetectionTerminalProductRoute.lean:1:1: * '-/':
Copyright too short!


Note: This linter can be disabled with `set_option linter.style.header false`
⚠ [2144/2155] Replayed LeanLCAExactChallenge.Derived.StrictRealizationLeftCalculusRoute
warning: LeanLCAExactChallenge/Derived/StrictRealizationLeftCalculusRoute.lean:1:1: * '-/':
Copyright too short!


Note: This linter can be disabled with `set_option linter.style.header false`
⚠ [2145/2155] Replayed LeanLCAExactChallenge.Derived.ComparisonBijectivityStrictRealizationLeftCalculusRoute
warning: LeanLCAExactChallenge/Derived/ComparisonBijectivityStrictRealizationLeftCalculusRoute.lean:1:1: * '-/':
Copyright too short!


Note: This linter can be disabled with `set_option linter.style.header false`
⚠ [2146/2155] Replayed LeanLCAExactChallenge.Derived.TargetHomologyZeroStrictRealizationLeftCalculusRoute
warning: LeanLCAExactChallenge/Derived/TargetHomologyZeroStrictRealizationLeftCalculusRoute.lean:1:1: * '-/':
Copyright too short!


Note: This linter can be disabled with `set_option linter.style.header false`
⚠ [2147/2155] Replayed LeanLCAExactChallenge.Derived.BoundarySourcePiZeroTargetHomologyZeroComparisonProductRoute
warning: LeanLCAExactChallenge/Derived/BoundarySourcePiZeroTargetHomologyZeroComparisonProductRoute.lean:1:1: * '-/':
Copyright too short!


Note: This linter can be disabled with `set_option linter.style.header false`
⚠ [2148/2155] Replayed LeanLCAExactChallenge.Derived.TargetHomologyZeroFiniteShapeStableRoute
warning: LeanLCAExactChallenge/Derived/TargetHomologyZeroFiniteShapeStableRoute.lean:1:1: * '-/':
Copyright too short!


Note: This linter can be disabled with `set_option linter.style.header false`
⚠ [2149/2155] Replayed LeanLCAExactChallenge.Derived.TargetHomologyZeroDirectLocalizationStableRoute
warning: LeanLCAExactChallenge/Derived/TargetHomologyZeroDirectLocalizationStableRoute.lean:1:1: * '-/':
Copyright too short!


Note: This linter can be disabled with `set_option linter.style.header false`
⚠ [2150/2155] Replayed LeanLCAExactChallenge.Derived.TargetHomologyZeroDirectSourceStableRoute
warning: LeanLCAExactChallenge/Derived/TargetHomologyZeroDirectSourceStableRoute.lean:1:1: * '-/':
Copyright too short!


Note: This linter can be disabled with `set_option linter.style.header false`
⚠ [2151/2155] Replayed LeanLCAExactChallenge.Derived.TargetExactAtDirectSourceStableRoute
warning: LeanLCAExactChallenge/Derived/TargetExactAtDirectSourceStableRoute.lean:1:1: * '-/':
Copyright too short!


Note: This linter can be disabled with `set_option linter.style.header false`
⚠ [2152/2155] Replayed LeanLCAExactChallenge.Derived.TargetIsoDirectSourceStableRoute
warning: LeanLCAExactChallenge/Derived/TargetIsoDirectSourceStableRoute.lean:1:1: * '-/':
Copyright too short!


Note: This linter can be disabled with `set_option linter.style.header false`
⚠ [2153/2155] Replayed LeanLCAExactChallenge.Derived.BoundarySourcePiZeroTargetIsoComparisonProductRoute
warning: LeanLCAExactChallenge/Derived/BoundarySourcePiZeroTargetIsoComparisonProductRoute.lean:1:1: * '-/':
Copyright too short!


Note: This linter can be disabled with `set_option linter.style.header false`
⚠ [2154/2155] Replayed LeanLCAExactChallenge.Derived.IsoClosureDirectSourceStableRoute
warning: LeanLCAExactChallenge/Derived/IsoClosureDirectSourceStableRoute.lean:1:1: * '-/':
Copyright too short!


Note: This linter can be disabled with `set_option linter.style.header false`
⚠ [2155/2155] Built LeanLCAExactChallenge.Derived.BoundarySourcePiZeroIsoClosureComparisonProductRoute (15s)
warning: LeanLCAExactChallenge/Derived/BoundarySourcePiZeroIsoClosureComparisonProductRoute.lean:1:1: * '-/':
Copyright too short!


Note: This linter can be disabled with `set_option linter.style.header false`
Build completed successfully (2155 jobs).
