lake build LeanLCAExactChallenge.Derived.BoundarySourcePiZeroExactInputsOpClosureProductRoute
exit_code: 0
full_output_lines: 32770

last_80_lines:
Note: This linter can be disabled with `set_option linter.style.header false`
⚠ [2095/2107] Replayed LeanLCAExactChallenge.Derived.BoundaryDataEpiDirectComparisonRightLcaOpClosureProductRoute
warning: LeanLCAExactChallenge/Derived/BoundaryDataEpiDirectComparisonRightLcaOpClosureProductRoute.lean:1:1: * '-/':
Copyright too short!


Note: This linter can be disabled with `set_option linter.style.header false`
⚠ [2096/2107] Replayed LeanLCAExactChallenge.Derived.BoundarySourcePiZeroOpClosureProductRoute
warning: LeanLCAExactChallenge/Derived/BoundarySourcePiZeroOpClosureProductRoute.lean:1:1: * '-/':
Copyright too short!


Note: This linter can be disabled with `set_option linter.style.header false`
⚠ [2097/2107] Replayed LeanLCAExactChallenge.Derived.LeftSnakeDirectRightLcaNormalizedClosedRangeProductRoute
warning: LeanLCAExactChallenge/Derived/LeftSnakeDirectRightLcaNormalizedClosedRangeProductRoute.lean:1:1: * '-/':
Copyright too short!


Note: This linter can be disabled with `set_option linter.style.header false`
⚠ [2098/2107] Replayed LeanLCAExactChallenge.Derived.DirectComparisonLeftSnakeProductRoute
warning: LeanLCAExactChallenge/Derived/DirectComparisonLeftSnakeProductRoute.lean:1:1: * '-/':
Copyright too short!


Note: This linter can be disabled with `set_option linter.style.header false`
⚠ [2099/2107] Replayed LeanLCAExactChallenge.Derived.ClosedQuotientEpiDirectComparisonLeftSnakeProductRoute
warning: LeanLCAExactChallenge/Derived/ClosedQuotientEpiDirectComparisonLeftSnakeProductRoute.lean:1:1: * '-/':
Copyright too short!


Note: This linter can be disabled with `set_option linter.style.header false`
⚠ [2100/2107] Replayed LeanLCAExactChallenge.Derived.SelectedW461RowsClosedQuotientEpiProductRoute
warning: LeanLCAExactChallenge/Derived/SelectedW461RowsClosedQuotientEpiProductRoute.lean:1:1: * '-/':
Copyright too short!


Note: This linter can be disabled with `set_option linter.style.header false`
⚠ [2101/2107] Replayed LeanLCAExactChallenge.Derived.HomotopyObjectTriangulatedSelectedW461RowsProductRoute
warning: LeanLCAExactChallenge/Derived/HomotopyObjectTriangulatedSelectedW461RowsProductRoute.lean:1:1: * '-/':
Copyright too short!


Note: This linter can be disabled with `set_option linter.style.header false`
⚠ [2102/2107] Replayed LeanLCAExactChallenge.Derived.TrianglehRealizationHomotopyObjectSelectedW461RowsProductRoute
warning: LeanLCAExactChallenge/Derived/TrianglehRealizationHomotopyObjectSelectedW461RowsProductRoute.lean:1:1: * '-/':
Copyright too short!


Note: This linter can be disabled with `set_option linter.style.header false`
⚠ [2103/2107] Replayed LeanLCAExactChallenge.Derived.TargetIsoRealizationTrianglehSelectedW461RowsProductRoute
warning: LeanLCAExactChallenge/Derived/TargetIsoRealizationTrianglehSelectedW461RowsProductRoute.lean:1:1: * '-/':
Copyright too short!


Note: This linter can be disabled with `set_option linter.style.header false`
⚠ [2104/2107] Replayed LeanLCAExactChallenge.Derived.TargetExactAtEndpointTargetIsoSelectedW461RowsProductRoute
warning: LeanLCAExactChallenge/Derived/TargetExactAtEndpointTargetIsoSelectedW461RowsProductRoute.lean:1:1: * '-/':
Copyright too short!


Note: This linter can be disabled with `set_option linter.style.header false`
⚠ [2105/2107] Replayed LeanLCAExactChallenge.Derived.TargetHomologyZeroEndpointTargetIsoSelectedW461RowsProductRoute
warning: LeanLCAExactChallenge/Derived/TargetHomologyZeroEndpointTargetIsoSelectedW461RowsProductRoute.lean:1:1: * '-/':
Copyright too short!


Note: This linter can be disabled with `set_option linter.style.header false`
⚠ [2106/2107] Replayed LeanLCAExactChallenge.Derived.TargetHomologyZeroExactInputsClosedRangeProductRoute
warning: LeanLCAExactChallenge/Derived/TargetHomologyZeroExactInputsClosedRangeProductRoute.lean:1:1: * '-/':
Copyright too short!


Note: This linter can be disabled with `set_option linter.style.header false`
⚠ [2107/2107] Built LeanLCAExactChallenge.Derived.BoundarySourcePiZeroExactInputsOpClosureProductRoute (2.6s)
warning: LeanLCAExactChallenge/Derived/BoundarySourcePiZeroExactInputsOpClosureProductRoute.lean:1:1: * '-/':
Copyright too short!


Note: This linter can be disabled with `set_option linter.style.header false`
Build completed successfully (2107 jobs).
